{
  "currency": "$",
  "amount": 200,
  "decimals": 2
}